20:06:38.252 [main                     ] DEBUG Logger               - Configured Logger
20:06:38.285 [main                     ] DEBUG GameApplication      - Logging settings
Title: Basic Game App
Version: 0.1
Width: 600
Height: 600
Fullscreen: false
Intro: false
Profiling: false
Single step:false
App Mode: DEVELOPER
Menu Key: ESCAPE
Stage Style: DECORATED
Scene Factory: class com.almasb.fxgl.app.scene.SceneFactory

20:06:38.598 [JavaFX Application Thread] DEBUG FXGLApplication      - Initializing FXGL
20:06:38.602 [JavaFX Application Thread] INFO  Engine               - FXGL-17.3 (30.03.2023 11.49) on LINUX (J:21.0.6 FX:21)
20:06:38.602 [JavaFX Application Thread] DEBUG Engine               - JRE Vendor Name: Ubuntu
20:06:38.603 [JavaFX Application Thread] DEBUG Engine               - Running on OS: Linux version 6.8.0-57-generic
20:06:38.603 [JavaFX Application Thread] DEBUG Engine               - Architecture: amd64
20:06:38.603 [JavaFX Application Thread] INFO  Engine               - Source code and latest versions at: https://github.com/AlmasB/FXGL
20:06:38.603 [JavaFX Application Thread] INFO  Engine               -       Ask questions and discuss at: https://github.com/AlmasB/FXGL/discussions
20:06:38.603 [JavaFX Application Thread] INFO  Engine               -              Join the FXGL chat at: https://gitter.im/AlmasB/FXGL
20:06:38.694 [JavaFX Application Thread] DEBUG PrimaryStageWindow   - Creating a JavaFX scene
20:06:38.809 [JavaFX Application Thread] DEBUG PrimaryStageWindow   - Target settings size: 600.0 x 600.0
20:06:38.809 [JavaFX Application Thread] DEBUG PrimaryStageWindow   - Scaled scene size:    600.0 x 600.0
20:06:38.810 [JavaFX Application Thread] DEBUG PrimaryStageWindow   - Scaled ratio: (1.0, 1.0)
20:06:38.811 [JavaFX Application Thread] DEBUG PrimaryStageWindow   - Set initial scene to FXGLStartupScene
20:06:38.813 [JavaFX Application Thread] DEBUG PrimaryStageWindow   - Opening main window
20:06:38.842 [JavaFX Application Thread] DEBUG PrimaryStageWindow   - Window border size: (0.0, 35.0)
20:06:38.843 [JavaFX Application Thread] DEBUG PrimaryStageWindow   - Scaled size: 600.0 x 565.0
20:06:38.843 [JavaFX Application Thread] DEBUG PrimaryStageWindow   - Scaled ratio: (1.0, 0.9416666666666667)
20:06:38.843 [JavaFX Application Thread] DEBUG PrimaryStageWindow   - Scene size: 600.0 x 600.0
20:06:38.843 [JavaFX Application Thread] DEBUG PrimaryStageWindow   - Stage size: 600.0 x 600.0
20:06:38.848 [FXGL Background Thread 1 ] DEBUG Engine               - Initializing environment variables
20:06:38.900 [FXGL Background Thread 1 ] DEBUG FXGLAssetLoaderServi - User app class for loading assets: class com.example.game2d.GameApp
20:06:38.901 [FXGL Background Thread 1 ] DEBUG GameApplicationServi - Applying CSS: fxgl_dark.css
20:06:38.901 [FXGL Background Thread 1 ] DEBUG FXGLAssetLoaderServi - Loading from file system: jar:file:///home/katya/.m2/repository/com/github/almasb/fxgl/17.3/fxgl-17.3.jar!/fxglassets/ui/css/fxgl_dark.css
20:06:38.950 [FXGL Background Thread 1 ] DEBUG GameApplicationServi - Initializing application scenes
20:06:39.002 [FXGL Background Thread 1 ] DEBUG GameWorld            - Game world initialized
20:06:39.046 [FXGL Background Thread 1 ] DEBUG PhysicsWorld         - Physics world initialized: appHeight=600, physics.ppm=50.0
20:06:39.046 [FXGL Background Thread 1 ] DEBUG PhysicsWorld         - Using strategy: BRUTE_FORCE
20:06:39.049 [FXGL Background Thread 1 ] DEBUG GameScene            - Game scene initialized: 600x600
20:06:39.058 [FXGL Background Thread 1 ] WARN  FXGL.DefaultMenu     - FXGLDefaultMenu is not designed for resolutions < 800x600
20:06:39.058 [FXGL Background Thread 1 ] DEBUG FXGL.DefaultMenu     - createMenuBodyGameMenu()
20:06:39.068 [FXGL Background Thread 1 ] DEBUG FXGL.DefaultMenu     - createOptionsMenu()
20:06:39.075 [FXGL Background Thread 1 ] DEBUG FXGLAssetLoaderServi - Loading from file system: jar:file:///home/katya/.m2/repository/com/github/almasb/fxgl/17.3/fxgl-17.3.jar!/fxglassets/textures/particles/smoke.png
20:06:39.140 [FXGL Background Thread 1 ] DEBUG FXGLAssetLoaderServi - Loading from file system: jar:file:///home/katya/.m2/repository/com/github/almasb/fxgl/17.3/fxgl-17.3.jar!/fxglassets/textures/particles/trace_horizontal.png
20:06:39.159 [FXGL Background Thread 1 ] DEBUG GameApplicationServi - Application scenes initialized
20:06:39.173 [FXGL Background Thread 1 ] DEBUG SystemBundleService  - Loading FXGL system data
20:06:39.177 [FXGL Background Thread 1 ] DEBUG FileSystemAccess     - Reading from: /home/katya/cpp_projects/23203_gmerina/Game2D/system/fxgl.bundle
20:06:39.186 [FXGL Background Thread 1 ] DEBUG SystemBundleService  - Bundle FXGL: {}
20:06:39.186 [FXGL Background Thread 1 ] DEBUG UpdaterService       - Checking for updates
20:06:39.190 [FXGL Background Thread 4 ] DEBUG FXGLApplication      - Loading fonts
20:06:39.191 [FXGL Background Thread 4 ] DEBUG FXGLAssetLoaderServi - Loading from file system: jar:file:///home/katya/.m2/repository/com/github/almasb/fxgl/17.3/fxgl-17.3.jar!/fxglassets/ui/fonts/VarelaRound-Regular.ttf
20:06:39.191 [FXGL Background Thread 1 ] DEBUG FXGLApplication      - Loading default localization
20:06:39.192 [FXGL Background Thread 1 ] DEBUG FXGLAssetLoaderServi - Loading from file system: jar:file:///home/katya/.m2/repository/com/github/almasb/fxgl/17.3/fxgl-17.3.jar!/fxglassets/languages/english.lang
20:06:39.199 [FXGL Background Thread 4 ] DEBUG FXGLAssetLoaderServi - Loading from file system: jar:file:///home/katya/.m2/repository/com/github/almasb/fxgl/17.3/fxgl-17.3.jar!/fxglassets/ui/fonts/Abel-Regular.ttf
20:06:39.201 [FXGL Background Thread 4 ] DEBUG FXGLAssetLoaderServi - Loading from file system: jar:file:///home/katya/.m2/repository/com/github/almasb/fxgl/17.3/fxgl-17.3.jar!/fxglassets/ui/fonts/TerminalLandMono-Regular.otf
20:06:39.202 [FXGL Background Thread 4 ] DEBUG FXGLAssetLoaderServi - Loading from file system: jar:file:///home/katya/.m2/repository/com/github/almasb/fxgl/17.3/fxgl-17.3.jar!/fxglassets/ui/fonts/Courier-Prime.ttf
20:06:39.207 [JavaFX Application Thread] DEBUG FXGLApplication      - Registering font factories with UI factory
20:06:39.207 [FXGL Background Thread 1 ] INFO  FXGLApplication      - FXGL initialization took: 0.359 sec
20:06:39.219 [JavaFX Application Thread] DEBUG Input                - Registered new binding: action0 - Right
20:06:39.220 [JavaFX Application Thread] DEBUG Input                - Registered new binding: action1 - Left
20:06:39.221 [JavaFX Application Thread] DEBUG Input                - Registered new binding: action2 - Up
20:06:39.221 [JavaFX Application Thread] DEBUG Input                - Registered new binding: action3 - Down
20:06:39.221 [JavaFX Application Thread] DEBUG FXGLAssetLoaderServi - Loading from file system: jar:file:///home/katya/.m2/repository/com/github/almasb/fxgl/17.3/fxgl-17.3.jar!/fxglassets/textures/fxgl_icon.png
20:06:39.248 [JavaFX Application Thread] DEBUG FXGLAssetLoaderServi - Loading from file system: jar:file:///home/katya/.m2/repository/com/github/almasb/fxgl/17.3/fxgl-17.3.jar!/fxglassets/textures/fxgl_default_cursor.png
20:06:39.250 [JavaFX Application Thread] DEBUG Input                - Registered new binding: Screenshot - CTRL+8
20:06:39.251 [JavaFX Application Thread] DEBUG Input                - Registered new binding: System info dump - CTRL+9
20:06:39.251 [JavaFX Application Thread] DEBUG Input                - Registered new binding: Restart - CTRL+R
20:06:39.252 [JavaFX Application Thread] DEBUG Input                - Registered new binding: Toggle Debug Camera - CTRL+7
20:06:39.254 [JavaFX Application Thread] DEBUG LoopRunner           - Starting loop
20:06:39.255 [JavaFX Application Thread] DEBUG LoopRunner           - Initializing JavaFX AnimationTimerLoop
20:06:39.255 [JavaFX Application Thread] DEBUG GameApplicationServi - Starting new game
20:06:39.256 [JavaFX Application Thread] DEBUG Input                - Clearing active input actions
20:06:39.271 [JavaFX Application Thread] DEBUG GameApplicationServi - Removing overlay from FXGLStartupScene and adding to FXGLLoadingScene
20:06:39.271 [JavaFX Application Thread] DEBUG PrimaryStageWindow   - FXGLStartupScene -> FXGLLoadingScene
20:06:39.271 [JavaFX Application Thread] DEBUG GameApplicationServi - Clearing previous game
20:06:39.272 [JavaFX Application Thread] DEBUG GameScene            - Clearing game scene
20:06:39.272 [JavaFX Application Thread] DEBUG GameWorld            - Clearing game world
20:06:39.272 [JavaFX Application Thread] DEBUG PhysicsWorld         - Clearing physics world
20:06:39.274 [FXGL Background Thread 1 ] DEBUG FXGLApplication      - Initializing game
20:06:39.280 [FXGL Background Thread 1 ] INFO  FXGLApplication      - Game initialization took: 0.007 sec
20:06:39.393 [JavaFX Application Thread] DEBUG Input                - Clearing active input actions
20:06:39.404 [JavaFX Application Thread] DEBUG GameApplicationServi - Removing overlay from FXGLLoadingScene and adding to GameScene
20:06:39.404 [JavaFX Application Thread] DEBUG PrimaryStageWindow   - FXGLLoadingScene -> GameScene
20:06:39.990 [FXGL Background Thread 2 ] INFO  UpdaterService       - Your current version:  17.3
20:06:39.991 [FXGL Background Thread 2 ] INFO  UpdaterService       - Latest stable version: 21.1
20:06:42.188 [FXGL Background Thread 3 ] DEBUG Engine               - Logging environment variables
20:06:42.190 [FXGL Background Thread 3 ] DEBUG Engine               - achievements: []
20:06:42.190 [FXGL Background Thread 3 ] DEBUG Engine               - actualHeight: 602.0
20:06:42.190 [FXGL Background Thread 3 ] DEBUG Engine               - actualHeightProperty: ReadOnlyDoubleProperty [value: 602.0]
20:06:42.190 [FXGL Background Thread 3 ] DEBUG Engine               - actualWidth: 600.0
20:06:42.190 [FXGL Background Thread 3 ] DEBUG Engine               - actualWidthProperty: ReadOnlyDoubleProperty [value: 600.0]
20:06:42.190 [FXGL Background Thread 3 ] DEBUG Engine               - appIcon: fxgl_icon.png
20:06:42.191 [FXGL Background Thread 3 ] DEBUG Engine               - applicationMode: DEVELOPER
20:06:42.191 [FXGL Background Thread 3 ] DEBUG Engine               - cSSList: [fxgl_dark.css]
20:06:42.191 [FXGL Background Thread 3 ] DEBUG Engine               - collisionDetectionStrategy: BRUTE_FORCE
20:06:42.191 [FXGL Background Thread 3 ] DEBUG Engine               - configClass: Optional.empty
20:06:42.191 [FXGL Background Thread 3 ] DEBUG Engine               - credits: []
20:06:42.192 [FXGL Background Thread 3 ] DEBUG Engine               - defaultCursor: CursorInfo(imageName=fxgl_default_cursor.png, hotspotX=7.0, hotspotY=6.0)
20:06:42.192 [FXGL Background Thread 3 ] DEBUG Engine               - devBBoxColorProperty: ObjectProperty [value: 0xff0000ff]
20:06:42.193 [FXGL Background Thread 3 ] DEBUG Engine               - devEnableDebugCameraProperty: BooleanProperty [value: false]
20:06:42.193 [FXGL Background Thread 3 ] DEBUG Engine               - devSensorColorProperty: ObjectProperty [value: 0xffff00ff]
20:06:42.193 [FXGL Background Thread 3 ] DEBUG Engine               - devShowBBoxProperty: BooleanProperty [value: false]
20:06:42.193 [FXGL Background Thread 3 ] DEBUG Engine               - devShowPositionProperty: BooleanProperty [value: false]
20:06:42.193 [FXGL Background Thread 3 ] DEBUG Engine               - enabledMenuItems: []
20:06:42.193 [FXGL Background Thread 3 ] DEBUG Engine               - engineServices: [class com.almasb.fxgl.app.services.FXGLAssetLoaderService, class com.almasb.fxgl.app.FXGLApplication$GameApplicationService, class com.almasb.fxgl.app.services.FXGLDialogService, class com.almasb.fxgl.app.services.IOTaskExecutorService, class com.almasb.fxgl.io.FileSystemService, class com.almasb.fxgl.localization.LocalizationService, class com.almasb.fxgl.app.services.SystemBundleService, class com.almasb.fxgl.profile.SaveLoadService, class com.almasb.fxgl.ui.FXGLUIFactoryServiceProvider, class com.almasb.fxgl.ui.FXGLDialogFactoryServiceProvider, class com.almasb.fxgl.audio.AudioPlayer, class com.almasb.fxgl.notification.impl.NotificationServiceProvider, class com.almasb.fxgl.achievement.AchievementService, class com.almasb.fxgl.cutscene.CutsceneService, class com.almasb.fxgl.minigames.MiniGameService, class com.almasb.fxgl.net.NetService, class com.almasb.fxgl.app.services.UpdaterService, class com.almasb.fxgl.dev.DevService]
20:06:42.194 [FXGL Background Thread 3 ] DEBUG Engine               - fontGame: Abel-Regular.ttf
20:06:42.194 [FXGL Background Thread 3 ] DEBUG Engine               - fontMono: TerminalLandMono-Regular.otf
20:06:42.194 [FXGL Background Thread 3 ] DEBUG Engine               - fontSizeScaleUI: 1.0
20:06:42.194 [FXGL Background Thread 3 ] DEBUG Engine               - fontText: Courier-Prime.ttf
20:06:42.194 [FXGL Background Thread 3 ] DEBUG Engine               - fontUI: VarelaRound-Regular.ttf
20:06:42.194 [FXGL Background Thread 3 ] DEBUG Engine               - fullScreen: BooleanProperty [value: false]
20:06:42.195 [FXGL Background Thread 3 ] DEBUG Engine               - gameDifficulty: MEDIUM
20:06:42.195 [FXGL Background Thread 3 ] DEBUG Engine               - gameDifficultyProperty: ObjectProperty [value: MEDIUM]
20:06:42.195 [FXGL Background Thread 3 ] DEBUG Engine               - globalMusicVolume: 0.5
20:06:42.195 [FXGL Background Thread 3 ] DEBUG Engine               - globalMusicVolumeProperty: DoubleProperty [value: 0.5]
20:06:42.195 [FXGL Background Thread 3 ] DEBUG Engine               - globalSoundVolume: 0.5
20:06:42.195 [FXGL Background Thread 3 ] DEBUG Engine               - globalSoundVolumeProperty: DoubleProperty [value: 0.5]
20:06:42.196 [FXGL Background Thread 3 ] DEBUG Engine               - height: 600
20:06:42.196 [FXGL Background Thread 3 ] DEBUG Engine               - is3D: false
20:06:42.196 [FXGL Background Thread 3 ] DEBUG Engine               - isAndroid: false
20:06:42.196 [FXGL Background Thread 3 ] DEBUG Engine               - isBrowser: false
20:06:42.196 [FXGL Background Thread 3 ] DEBUG Engine               - isClickFeedbackEnabled: false
20:06:42.196 [FXGL Background Thread 3 ] DEBUG Engine               - isCloseConfirmation: false
20:06:42.196 [FXGL Background Thread 3 ] DEBUG Engine               - isDesktop: true
20:06:42.196 [FXGL Background Thread 3 ] DEBUG Engine               - isDeveloperMenuEnabled: false
20:06:42.196 [FXGL Background Thread 3 ] DEBUG Engine               - isEmbedded: false
20:06:42.197 [FXGL Background Thread 3 ] DEBUG Engine               - isEntityPreloadEnabled: true
20:06:42.197 [FXGL Background Thread 3 ] DEBUG Engine               - isExperimentalTiledLargeMap: false
20:06:42.197 [FXGL Background Thread 3 ] DEBUG Engine               - isFileSystemWriteAllowed: true
20:06:42.197 [FXGL Background Thread 3 ] DEBUG Engine               - isFullScreenAllowed: false
20:06:42.197 [FXGL Background Thread 3 ] DEBUG Engine               - isFullScreenFromStart: false
20:06:42.197 [FXGL Background Thread 3 ] DEBUG Engine               - isGameMenuEnabled: true
20:06:42.197 [FXGL Background Thread 3 ] DEBUG Engine               - isIOS: false
20:06:42.197 [FXGL Background Thread 3 ] DEBUG Engine               - isIntroEnabled: false
20:06:42.198 [FXGL Background Thread 3 ] DEBUG Engine               - isLinux: true
20:06:42.198 [FXGL Background Thread 3 ] DEBUG Engine               - isMac: false
20:06:42.198 [FXGL Background Thread 3 ] DEBUG Engine               - isMainMenuEnabled: false
20:06:42.198 [FXGL Background Thread 3 ] DEBUG Engine               - isManualResizeEnabled: false
20:06:42.198 [FXGL Background Thread 3 ] DEBUG Engine               - isMobile: false
20:06:42.198 [FXGL Background Thread 3 ] DEBUG Engine               - isNative: false
20:06:42.199 [FXGL Background Thread 3 ] DEBUG Engine               - isPauseMusicWhenMinimized: true
20:06:42.199 [FXGL Background Thread 3 ] DEBUG Engine               - isPreserveResizeRatio: false
20:06:42.199 [FXGL Background Thread 3 ] DEBUG Engine               - isProfilingEnabled: false
20:06:42.199 [FXGL Background Thread 3 ] DEBUG Engine               - isScaleAffectedOnResize: true
20:06:42.199 [FXGL Background Thread 3 ] DEBUG Engine               - isSingleStep: false
20:06:42.199 [FXGL Background Thread 3 ] DEBUG Engine               - isUserProfileEnabled: false
20:06:42.199 [FXGL Background Thread 3 ] DEBUG Engine               - isWindows: false
20:06:42.199 [FXGL Background Thread 3 ] DEBUG Engine               - language: ObjectProperty [value: ENGLISH]
20:06:42.200 [FXGL Background Thread 3 ] DEBUG Engine               - menuKey: ESCAPE
20:06:42.200 [FXGL Background Thread 3 ] DEBUG Engine               - mouseSensitivity: 0.2
20:06:42.200 [FXGL Background Thread 3 ] DEBUG Engine               - notificationViewClass: class com.almasb.fxgl.notification.view.XboxNotificationView
20:06:42.200 [FXGL Background Thread 3 ] DEBUG Engine               - pixelsPerMeter: 50.0
20:06:42.200 [FXGL Background Thread 3 ] DEBUG Engine               - platform: LINUX
20:06:42.200 [FXGL Background Thread 3 ] DEBUG Engine               - prefHeightProperty: ReadOnlyDoubleProperty [value: 600.0]
20:06:42.200 [FXGL Background Thread 3 ] DEBUG Engine               - prefWidthProperty: ReadOnlyDoubleProperty [value: 600.0]
20:06:42.200 [FXGL Background Thread 3 ] DEBUG Engine               - profileDir: profiles/
20:06:42.201 [FXGL Background Thread 3 ] DEBUG Engine               - profileName: StringProperty [value: DEFAULT]
20:06:42.201 [FXGL Background Thread 3 ] DEBUG Engine               - randomSeed: -1
20:06:42.201 [FXGL Background Thread 3 ] DEBUG Engine               - runtimeInfo: RuntimeInfo(platform=LINUX, version=17.3, build=30.03.2023 11.49)
20:06:42.201 [FXGL Background Thread 3 ] DEBUG Engine               - saveFileExt: sav
20:06:42.202 [FXGL Background Thread 3 ] DEBUG Engine               - scaledHeightProp$fxgl: DoubleProperty [bound, value: 602.0]
20:06:42.202 [FXGL Background Thread 3 ] DEBUG Engine               - scaledWidthProp$fxgl: DoubleProperty [bound, value: 600.0]
20:06:42.202 [FXGL Background Thread 3 ] DEBUG Engine               - sceneFactory: com.almasb.fxgl.app.scene.SceneFactory@35599e29
20:06:42.202 [FXGL Background Thread 3 ] DEBUG Engine               - secondsIn24h: 60
20:06:42.202 [FXGL Background Thread 3 ] DEBUG Engine               - soundMenuBack: menu/back.wav
20:06:42.202 [FXGL Background Thread 3 ] DEBUG Engine               - soundMenuPress: menu/press.wav
20:06:42.202 [FXGL Background Thread 3 ] DEBUG Engine               - soundMenuSelect: menu/select.wav
20:06:42.202 [FXGL Background Thread 3 ] DEBUG Engine               - soundNotification: core/notification.wav
20:06:42.202 [FXGL Background Thread 3 ] DEBUG Engine               - stageStyle: DECORATED
20:06:42.203 [FXGL Background Thread 3 ] DEBUG Engine               - supportedLanguages: [ENGLISH, FRENCH, GERMAN, HUNGARIAN, RUSSIAN]
20:06:42.203 [FXGL Background Thread 3 ] DEBUG Engine               - ticksPerSecond: -1
20:06:42.203 [FXGL Background Thread 3 ] DEBUG Engine               - title: Basic Game App
20:06:42.203 [FXGL Background Thread 3 ] DEBUG Engine               - urlGithub: https://github.com/AlmasB/FXGL
20:06:42.203 [FXGL Background Thread 3 ] DEBUG Engine               - urlLeaderboard: http://fxgl-top.herokuapp.com/
20:06:42.203 [FXGL Background Thread 3 ] DEBUG Engine               - urlPOM: https://raw.githubusercontent.com/AlmasB/FXGL/release/README.md
20:06:42.203 [FXGL Background Thread 3 ] DEBUG Engine               - userAppClass: class com.example.game2d.GameApp
20:06:42.203 [FXGL Background Thread 3 ] DEBUG Engine               - version: 0.1
20:06:42.203 [FXGL Background Thread 3 ] DEBUG Engine               - versionCheckDays: 7
20:06:42.203 [FXGL Background Thread 3 ] DEBUG Engine               - width: 600
20:06:42.204 [FXGL Background Thread 3 ] DEBUG Engine               - Logging services
20:06:42.204 [FXGL Background Thread 3 ] DEBUG Engine               - class com.almasb.fxgl.app.services.FXGLAssetLoaderService
20:06:42.204 [FXGL Background Thread 3 ] DEBUG Engine               - class com.almasb.fxgl.app.FXGLApplication$GameApplicationService
20:06:42.204 [FXGL Background Thread 3 ] DEBUG Engine               - class com.almasb.fxgl.app.services.FXGLDialogService
20:06:42.204 [FXGL Background Thread 3 ] DEBUG Engine               - class com.almasb.fxgl.app.services.IOTaskExecutorService
20:06:42.204 [FXGL Background Thread 3 ] DEBUG Engine               - class com.almasb.fxgl.io.FileSystemService
20:06:42.204 [FXGL Background Thread 3 ] DEBUG Engine               - class com.almasb.fxgl.localization.LocalizationService
20:06:42.204 [FXGL Background Thread 3 ] DEBUG Engine               - class com.almasb.fxgl.app.services.SystemBundleService
20:06:42.204 [FXGL Background Thread 3 ] DEBUG Engine               - class com.almasb.fxgl.profile.SaveLoadService
20:06:42.204 [FXGL Background Thread 3 ] DEBUG Engine               - class com.almasb.fxgl.ui.FXGLUIFactoryServiceProvider
20:06:42.204 [FXGL Background Thread 3 ] DEBUG Engine               - class com.almasb.fxgl.ui.FXGLDialogFactoryServiceProvider
20:06:42.204 [FXGL Background Thread 3 ] DEBUG Engine               - class com.almasb.fxgl.audio.AudioPlayer
20:06:42.205 [FXGL Background Thread 3 ] DEBUG Engine               - class com.almasb.fxgl.notification.impl.NotificationServiceProvider
20:06:42.205 [FXGL Background Thread 3 ] DEBUG Engine               - class com.almasb.fxgl.achievement.AchievementService
20:06:42.205 [FXGL Background Thread 3 ] DEBUG Engine               - class com.almasb.fxgl.cutscene.CutsceneService
20:06:42.205 [FXGL Background Thread 3 ] DEBUG Engine               - class com.almasb.fxgl.minigames.MiniGameService
20:06:42.205 [FXGL Background Thread 3 ] DEBUG Engine               - class com.almasb.fxgl.net.NetService
20:06:42.205 [FXGL Background Thread 3 ] DEBUG Engine               - class com.almasb.fxgl.app.services.UpdaterService
20:06:42.205 [FXGL Background Thread 3 ] DEBUG Engine               - class com.almasb.fxgl.dev.DevService
20:08:01.502 [JavaFX Application Thread] DEBUG FXGLApplication      - Exiting FXGL
20:08:01.503 [JavaFX Application Thread] DEBUG LoopRunner           - Stopping loop
20:08:01.503 [JavaFX Application Thread] DEBUG SystemBundleService  - Saving FXGL system data
20:08:01.506 [JavaFX Application Thread] DEBUG FileSystemAccess     - Writing to: /home/katya/cpp_projects/23203_gmerina/Game2D/system/fxgl.bundle
20:08:01.508 [JavaFX Application Thread] DEBUG Async                - Shutting down background threads
20:08:01.508 [JavaFX Application Thread] DEBUG PrimaryStageWindow   - Closing main window
20:08:01.510 [JavaFX Application Thread] DEBUG Logger               - Closing Logger
