19:47:07.240 [main                     ] DEBUG Logger               - Configured Logger
19:47:07.272 [main                     ] DEBUG GameApplication      - Logging settings
Title: Untitled
Version: 0.0
Width: 800
Height: 600
Fullscreen: false
Intro: false
Profiling: false
Single step:false
App Mode: DEVELOPER
Menu Key: ESCAPE
Stage Style: DECORATED
Scene Factory: class com.almasb.fxgl.app.scene.SceneFactory

19:47:07.581 [JavaFX Application Thread] DEBUG FXGLApplication      - Initializing FXGL
19:47:07.585 [JavaFX Application Thread] INFO  Engine               - FXGL-17.3 (30.03.2023 11.49) on LINUX (J:21.0.6 FX:21)
19:47:07.585 [JavaFX Application Thread] DEBUG Engine               - JRE Vendor Name: Ubuntu
19:47:07.585 [JavaFX Application Thread] DEBUG Engine               - Running on OS: Linux version 6.8.0-57-generic
19:47:07.586 [JavaFX Application Thread] DEBUG Engine               - Architecture: amd64
19:47:07.586 [JavaFX Application Thread] INFO  Engine               - Source code and latest versions at: https://github.com/AlmasB/FXGL
19:47:07.586 [JavaFX Application Thread] INFO  Engine               -       Ask questions and discuss at: https://github.com/AlmasB/FXGL/discussions
19:47:07.586 [JavaFX Application Thread] INFO  Engine               -              Join the FXGL chat at: https://gitter.im/AlmasB/FXGL
19:47:07.679 [JavaFX Application Thread] DEBUG PrimaryStageWindow   - Creating a JavaFX scene
19:47:07.794 [JavaFX Application Thread] DEBUG PrimaryStageWindow   - Target settings size: 800.0 x 600.0
19:47:07.795 [JavaFX Application Thread] DEBUG PrimaryStageWindow   - Scaled scene size:    800.0 x 600.0
19:47:07.796 [JavaFX Application Thread] DEBUG PrimaryStageWindow   - Scaled ratio: (1.0, 1.0)
19:47:07.798 [JavaFX Application Thread] DEBUG PrimaryStageWindow   - Set initial scene to FXGLStartupScene
19:47:07.803 [JavaFX Application Thread] DEBUG PrimaryStageWindow   - Opening main window
19:47:07.837 [JavaFX Application Thread] DEBUG PrimaryStageWindow   - Window border size: (0.0, 35.0)
19:47:07.837 [JavaFX Application Thread] DEBUG PrimaryStageWindow   - Scaled size: 800.0 x 565.0
19:47:07.837 [JavaFX Application Thread] DEBUG PrimaryStageWindow   - Scaled ratio: (1.0, 0.9416666666666667)
19:47:07.838 [JavaFX Application Thread] DEBUG PrimaryStageWindow   - Scene size: 800.0 x 600.0
19:47:07.838 [JavaFX Application Thread] DEBUG PrimaryStageWindow   - Stage size: 800.0 x 600.0
19:47:07.844 [FXGL Background Thread 1 ] DEBUG Engine               - Initializing environment variables
19:47:07.910 [FXGL Background Thread 1 ] DEBUG FXGLAssetLoaderServi - User app class for loading assets: class com.example.game2d.GameApp
19:47:07.910 [FXGL Background Thread 1 ] DEBUG GameApplicationServi - Applying CSS: fxgl_dark.css
19:47:07.911 [FXGL Background Thread 1 ] DEBUG FXGLAssetLoaderServi - Loading from file system: jar:file:///home/katya/.m2/repository/com/github/almasb/fxgl/17.3/fxgl-17.3.jar!/fxglassets/ui/css/fxgl_dark.css
19:47:07.971 [FXGL Background Thread 1 ] DEBUG GameApplicationServi - Initializing application scenes
19:47:08.028 [FXGL Background Thread 1 ] DEBUG GameWorld            - Game world initialized
19:47:08.088 [FXGL Background Thread 1 ] DEBUG PhysicsWorld         - Physics world initialized: appHeight=600, physics.ppm=50.0
19:47:08.089 [FXGL Background Thread 1 ] DEBUG PhysicsWorld         - Using strategy: BRUTE_FORCE
19:47:08.092 [FXGL Background Thread 1 ] DEBUG GameScene            - Game scene initialized: 800x600
19:47:08.102 [FXGL Background Thread 1 ] DEBUG FXGL.DefaultMenu     - createMenuBodyGameMenu()
19:47:08.113 [FXGL Background Thread 1 ] DEBUG FXGL.DefaultMenu     - createOptionsMenu()
19:47:08.121 [FXGL Background Thread 1 ] DEBUG FXGLAssetLoaderServi - Loading from file system: jar:file:///home/katya/.m2/repository/com/github/almasb/fxgl/17.3/fxgl-17.3.jar!/fxglassets/textures/particles/smoke.png
19:47:08.206 [FXGL Background Thread 1 ] DEBUG FXGLAssetLoaderServi - Loading from file system: jar:file:///home/katya/.m2/repository/com/github/almasb/fxgl/17.3/fxgl-17.3.jar!/fxglassets/textures/particles/trace_horizontal.png
19:47:08.242 [FXGL Background Thread 1 ] DEBUG GameApplicationServi - Application scenes initialized
19:47:08.257 [FXGL Background Thread 1 ] DEBUG SystemBundleService  - Loading default FXGL system data
19:47:08.258 [FXGL Background Thread 1 ] DEBUG UpdaterService       - Checking for updates
19:47:08.261 [FXGL Background Thread 4 ] DEBUG FXGLApplication      - Loading fonts
19:47:08.261 [FXGL Background Thread 4 ] DEBUG FXGLAssetLoaderServi - Loading from file system: jar:file:///home/katya/.m2/repository/com/github/almasb/fxgl/17.3/fxgl-17.3.jar!/fxglassets/ui/fonts/VarelaRound-Regular.ttf
19:47:08.262 [FXGL Background Thread 1 ] DEBUG FXGLApplication      - Loading default localization
19:47:08.262 [FXGL Background Thread 1 ] DEBUG FXGLAssetLoaderServi - Loading from file system: jar:file:///home/katya/.m2/repository/com/github/almasb/fxgl/17.3/fxgl-17.3.jar!/fxglassets/languages/english.lang
19:47:08.267 [FXGL Background Thread 4 ] DEBUG FXGLAssetLoaderServi - Loading from file system: jar:file:///home/katya/.m2/repository/com/github/almasb/fxgl/17.3/fxgl-17.3.jar!/fxglassets/ui/fonts/Abel-Regular.ttf
19:47:08.268 [FXGL Background Thread 4 ] DEBUG FXGLAssetLoaderServi - Loading from file system: jar:file:///home/katya/.m2/repository/com/github/almasb/fxgl/17.3/fxgl-17.3.jar!/fxglassets/ui/fonts/TerminalLandMono-Regular.otf
19:47:08.269 [FXGL Background Thread 4 ] DEBUG FXGLAssetLoaderServi - Loading from file system: jar:file:///home/katya/.m2/repository/com/github/almasb/fxgl/17.3/fxgl-17.3.jar!/fxglassets/ui/fonts/Courier-Prime.ttf
19:47:08.272 [JavaFX Application Thread] DEBUG FXGLApplication      - Registering font factories with UI factory
19:47:08.276 [FXGL Background Thread 1 ] INFO  FXGLApplication      - FXGL initialization took: 0.432 sec
19:47:08.277 [JavaFX Application Thread] DEBUG FXGLAssetLoaderServi - Loading from file system: jar:file:///home/katya/.m2/repository/com/github/almasb/fxgl/17.3/fxgl-17.3.jar!/fxglassets/textures/fxgl_icon.png
19:47:08.301 [JavaFX Application Thread] DEBUG FXGLAssetLoaderServi - Loading from file system: jar:file:///home/katya/.m2/repository/com/github/almasb/fxgl/17.3/fxgl-17.3.jar!/fxglassets/textures/fxgl_default_cursor.png
19:47:08.313 [JavaFX Application Thread] DEBUG Input                - Registered new binding: Screenshot - CTRL+8
19:47:08.313 [JavaFX Application Thread] DEBUG Input                - Registered new binding: System info dump - CTRL+9
19:47:08.314 [JavaFX Application Thread] DEBUG Input                - Registered new binding: Restart - CTRL+R
19:47:08.314 [JavaFX Application Thread] DEBUG Input                - Registered new binding: Toggle Debug Camera - CTRL+7
19:47:08.316 [JavaFX Application Thread] DEBUG LoopRunner           - Starting loop
19:47:08.317 [JavaFX Application Thread] DEBUG LoopRunner           - Initializing JavaFX AnimationTimerLoop
19:47:08.317 [JavaFX Application Thread] DEBUG GameApplicationServi - Starting new game
19:47:08.318 [JavaFX Application Thread] DEBUG Input                - Clearing active input actions
19:47:08.330 [JavaFX Application Thread] DEBUG GameApplicationServi - Removing overlay from FXGLStartupScene and adding to FXGLLoadingScene
19:47:08.330 [JavaFX Application Thread] DEBUG PrimaryStageWindow   - FXGLStartupScene -> FXGLLoadingScene
19:47:08.330 [JavaFX Application Thread] DEBUG GameApplicationServi - Clearing previous game
19:47:08.331 [JavaFX Application Thread] DEBUG GameScene            - Clearing game scene
19:47:08.331 [JavaFX Application Thread] DEBUG GameWorld            - Clearing game world
19:47:08.331 [JavaFX Application Thread] DEBUG PhysicsWorld         - Clearing physics world
19:47:08.332 [FXGL Background Thread 1 ] DEBUG FXGLApplication      - Initializing game
19:47:08.334 [FXGL Background Thread 1 ] INFO  FXGLApplication      - Game initialization took: 0.001 sec
19:47:08.434 [JavaFX Application Thread] DEBUG Input                - Clearing active input actions
19:47:08.443 [JavaFX Application Thread] DEBUG GameApplicationServi - Removing overlay from FXGLLoadingScene and adding to GameScene
19:47:08.443 [JavaFX Application Thread] DEBUG PrimaryStageWindow   - FXGLLoadingScene -> GameScene
19:47:09.178 [FXGL Background Thread 2 ] INFO  UpdaterService       - Your current version:  17.3
19:47:09.179 [FXGL Background Thread 2 ] INFO  UpdaterService       - Latest stable version: 21.1
19:47:11.260 [FXGL Background Thread 3 ] DEBUG Engine               - Logging environment variables
19:47:11.260 [FXGL Background Thread 3 ] DEBUG Engine               - achievements: []
19:47:11.261 [FXGL Background Thread 3 ] DEBUG Engine               - actualHeight: 565.0
19:47:11.261 [FXGL Background Thread 3 ] DEBUG Engine               - actualHeightProperty: ReadOnlyDoubleProperty [value: 602.0]
19:47:11.261 [FXGL Background Thread 3 ] DEBUG Engine               - actualWidth: 800.0
19:47:11.261 [FXGL Background Thread 3 ] DEBUG Engine               - actualWidthProperty: ReadOnlyDoubleProperty [value: 800.0]
19:47:11.261 [FXGL Background Thread 3 ] DEBUG Engine               - appIcon: fxgl_icon.png
19:47:11.261 [FXGL Background Thread 3 ] DEBUG Engine               - applicationMode: DEVELOPER
19:47:11.261 [FXGL Background Thread 3 ] DEBUG Engine               - cSSList: [fxgl_dark.css]
19:47:11.261 [FXGL Background Thread 3 ] DEBUG Engine               - collisionDetectionStrategy: BRUTE_FORCE
19:47:11.261 [FXGL Background Thread 3 ] DEBUG Engine               - configClass: Optional.empty
19:47:11.261 [FXGL Background Thread 3 ] DEBUG Engine               - credits: []
19:47:11.261 [FXGL Background Thread 3 ] DEBUG Engine               - defaultCursor: CursorInfo(imageName=fxgl_default_cursor.png, hotspotX=7.0, hotspotY=6.0)
19:47:11.261 [FXGL Background Thread 3 ] DEBUG Engine               - devBBoxColorProperty: ObjectProperty [value: 0xff0000ff]
19:47:11.262 [FXGL Background Thread 3 ] DEBUG Engine               - devEnableDebugCameraProperty: BooleanProperty [value: false]
19:47:11.262 [FXGL Background Thread 3 ] DEBUG Engine               - devSensorColorProperty: ObjectProperty [value: 0xffff00ff]
19:47:11.262 [FXGL Background Thread 3 ] DEBUG Engine               - devShowBBoxProperty: BooleanProperty [value: false]
19:47:11.262 [FXGL Background Thread 3 ] DEBUG Engine               - devShowPositionProperty: BooleanProperty [value: false]
19:47:11.262 [FXGL Background Thread 3 ] DEBUG Engine               - enabledMenuItems: []
19:47:11.262 [FXGL Background Thread 3 ] DEBUG Engine               - engineServices: [class com.almasb.fxgl.app.services.FXGLAssetLoaderService, class com.almasb.fxgl.app.FXGLApplication$GameApplicationService, class com.almasb.fxgl.app.services.FXGLDialogService, class com.almasb.fxgl.app.services.IOTaskExecutorService, class com.almasb.fxgl.io.FileSystemService, class com.almasb.fxgl.localization.LocalizationService, class com.almasb.fxgl.app.services.SystemBundleService, class com.almasb.fxgl.profile.SaveLoadService, class com.almasb.fxgl.ui.FXGLUIFactoryServiceProvider, class com.almasb.fxgl.ui.FXGLDialogFactoryServiceProvider, class com.almasb.fxgl.audio.AudioPlayer, class com.almasb.fxgl.notification.impl.NotificationServiceProvider, class com.almasb.fxgl.achievement.AchievementService, class com.almasb.fxgl.cutscene.CutsceneService, class com.almasb.fxgl.minigames.MiniGameService, class com.almasb.fxgl.net.NetService, class com.almasb.fxgl.app.services.UpdaterService, class com.almasb.fxgl.dev.DevService]
19:47:11.262 [FXGL Background Thread 3 ] DEBUG Engine               - fontGame: Abel-Regular.ttf
19:47:11.262 [FXGL Background Thread 3 ] DEBUG Engine               - fontMono: TerminalLandMono-Regular.otf
19:47:11.262 [FXGL Background Thread 3 ] DEBUG Engine               - fontSizeScaleUI: 1.0
19:47:11.262 [FXGL Background Thread 3 ] DEBUG Engine               - fontText: Courier-Prime.ttf
19:47:11.262 [FXGL Background Thread 3 ] DEBUG Engine               - fontUI: VarelaRound-Regular.ttf
19:47:11.262 [FXGL Background Thread 3 ] DEBUG Engine               - fullScreen: BooleanProperty [value: false]
19:47:11.262 [FXGL Background Thread 3 ] DEBUG Engine               - gameDifficulty: MEDIUM
19:47:11.262 [FXGL Background Thread 3 ] DEBUG Engine               - gameDifficultyProperty: ObjectProperty [value: MEDIUM]
19:47:11.262 [FXGL Background Thread 3 ] DEBUG Engine               - globalMusicVolume: 0.5
19:47:11.262 [FXGL Background Thread 3 ] DEBUG Engine               - globalMusicVolumeProperty: DoubleProperty [value: 0.5]
19:47:11.263 [FXGL Background Thread 3 ] DEBUG Engine               - globalSoundVolume: 0.5
19:47:11.263 [FXGL Background Thread 3 ] DEBUG Engine               - globalSoundVolumeProperty: DoubleProperty [value: 0.5]
19:47:11.263 [FXGL Background Thread 3 ] DEBUG Engine               - height: 600
19:47:11.263 [FXGL Background Thread 3 ] DEBUG Engine               - is3D: false
19:47:11.263 [FXGL Background Thread 3 ] DEBUG Engine               - isAndroid: false
19:47:11.263 [FXGL Background Thread 3 ] DEBUG Engine               - isBrowser: false
19:47:11.263 [FXGL Background Thread 3 ] DEBUG Engine               - isClickFeedbackEnabled: false
19:47:11.263 [FXGL Background Thread 3 ] DEBUG Engine               - isCloseConfirmation: false
19:47:11.263 [FXGL Background Thread 3 ] DEBUG Engine               - isDesktop: true
19:47:11.263 [FXGL Background Thread 3 ] DEBUG Engine               - isDeveloperMenuEnabled: false
19:47:11.263 [FXGL Background Thread 3 ] DEBUG Engine               - isEmbedded: false
19:47:11.263 [FXGL Background Thread 3 ] DEBUG Engine               - isEntityPreloadEnabled: true
19:47:11.263 [FXGL Background Thread 3 ] DEBUG Engine               - isExperimentalTiledLargeMap: false
19:47:11.263 [FXGL Background Thread 3 ] DEBUG Engine               - isFileSystemWriteAllowed: true
19:47:11.263 [FXGL Background Thread 3 ] DEBUG Engine               - isFullScreenAllowed: false
19:47:11.263 [FXGL Background Thread 3 ] DEBUG Engine               - isFullScreenFromStart: false
19:47:11.263 [FXGL Background Thread 3 ] DEBUG Engine               - isGameMenuEnabled: true
19:47:11.263 [FXGL Background Thread 3 ] DEBUG Engine               - isIOS: false
19:47:11.263 [FXGL Background Thread 3 ] DEBUG Engine               - isIntroEnabled: false
19:47:11.263 [FXGL Background Thread 3 ] DEBUG Engine               - isLinux: true
19:47:11.264 [FXGL Background Thread 3 ] DEBUG Engine               - isMac: false
19:47:11.264 [FXGL Background Thread 3 ] DEBUG Engine               - isMainMenuEnabled: false
19:47:11.264 [FXGL Background Thread 3 ] DEBUG Engine               - isManualResizeEnabled: false
19:47:11.264 [FXGL Background Thread 3 ] DEBUG Engine               - isMobile: false
19:47:11.264 [FXGL Background Thread 3 ] DEBUG Engine               - isNative: false
19:47:11.264 [FXGL Background Thread 3 ] DEBUG Engine               - isPauseMusicWhenMinimized: true
19:47:11.264 [FXGL Background Thread 3 ] DEBUG Engine               - isPreserveResizeRatio: false
19:47:11.264 [FXGL Background Thread 3 ] DEBUG Engine               - isProfilingEnabled: false
19:47:11.264 [FXGL Background Thread 3 ] DEBUG Engine               - isScaleAffectedOnResize: true
19:47:11.264 [FXGL Background Thread 3 ] DEBUG Engine               - isSingleStep: false
19:47:11.264 [FXGL Background Thread 3 ] DEBUG Engine               - isUserProfileEnabled: false
19:47:11.264 [FXGL Background Thread 3 ] DEBUG Engine               - isWindows: false
19:47:11.264 [FXGL Background Thread 3 ] DEBUG Engine               - language: ObjectProperty [value: ENGLISH]
19:47:11.264 [FXGL Background Thread 3 ] DEBUG Engine               - menuKey: ESCAPE
19:47:11.264 [FXGL Background Thread 3 ] DEBUG Engine               - mouseSensitivity: 0.2
19:47:11.264 [FXGL Background Thread 3 ] DEBUG Engine               - notificationViewClass: class com.almasb.fxgl.notification.view.XboxNotificationView
19:47:11.265 [FXGL Background Thread 3 ] DEBUG Engine               - pixelsPerMeter: 50.0
19:47:11.265 [FXGL Background Thread 3 ] DEBUG Engine               - platform: LINUX
19:47:11.265 [FXGL Background Thread 3 ] DEBUG Engine               - prefHeightProperty: ReadOnlyDoubleProperty [value: 600.0]
19:47:11.265 [FXGL Background Thread 3 ] DEBUG Engine               - prefWidthProperty: ReadOnlyDoubleProperty [value: 800.0]
19:47:11.265 [FXGL Background Thread 3 ] DEBUG Engine               - profileDir: profiles/
19:47:11.265 [FXGL Background Thread 3 ] DEBUG Engine               - profileName: StringProperty [value: DEFAULT]
19:47:11.265 [FXGL Background Thread 3 ] DEBUG Engine               - randomSeed: -1
19:47:11.265 [FXGL Background Thread 3 ] DEBUG Engine               - runtimeInfo: RuntimeInfo(platform=LINUX, version=17.3, build=30.03.2023 11.49)
19:47:11.265 [FXGL Background Thread 3 ] DEBUG Engine               - saveFileExt: sav
19:47:11.265 [FXGL Background Thread 3 ] DEBUG Engine               - scaledHeightProp$fxgl: DoubleProperty [bound, value: 602.0]
19:47:11.265 [FXGL Background Thread 3 ] DEBUG Engine               - scaledWidthProp$fxgl: DoubleProperty [bound, value: 800.0]
19:47:11.265 [FXGL Background Thread 3 ] DEBUG Engine               - sceneFactory: com.almasb.fxgl.app.scene.SceneFactory@43499e23
19:47:11.265 [FXGL Background Thread 3 ] DEBUG Engine               - secondsIn24h: 60
19:47:11.265 [FXGL Background Thread 3 ] DEBUG Engine               - soundMenuBack: menu/back.wav
19:47:11.266 [FXGL Background Thread 3 ] DEBUG Engine               - soundMenuPress: menu/press.wav
19:47:11.266 [FXGL Background Thread 3 ] DEBUG Engine               - soundMenuSelect: menu/select.wav
19:47:11.266 [FXGL Background Thread 3 ] DEBUG Engine               - soundNotification: core/notification.wav
19:47:11.266 [FXGL Background Thread 3 ] DEBUG Engine               - stageStyle: DECORATED
19:47:11.266 [FXGL Background Thread 3 ] DEBUG Engine               - supportedLanguages: [ENGLISH, FRENCH, GERMAN, HUNGARIAN, RUSSIAN]
19:47:11.266 [FXGL Background Thread 3 ] DEBUG Engine               - ticksPerSecond: -1
19:47:11.266 [FXGL Background Thread 3 ] DEBUG Engine               - title: Untitled
19:47:11.266 [FXGL Background Thread 3 ] DEBUG Engine               - urlGithub: https://github.com/AlmasB/FXGL
19:47:11.266 [FXGL Background Thread 3 ] DEBUG Engine               - urlLeaderboard: http://fxgl-top.herokuapp.com/
19:47:11.266 [FXGL Background Thread 3 ] DEBUG Engine               - urlPOM: https://raw.githubusercontent.com/AlmasB/FXGL/release/README.md
19:47:11.266 [FXGL Background Thread 3 ] DEBUG Engine               - userAppClass: class com.example.game2d.GameApp
19:47:11.266 [FXGL Background Thread 3 ] DEBUG Engine               - version: 0.0
19:47:11.266 [FXGL Background Thread 3 ] DEBUG Engine               - versionCheckDays: 7
19:47:11.266 [FXGL Background Thread 3 ] DEBUG Engine               - width: 800
19:47:11.266 [FXGL Background Thread 3 ] DEBUG Engine               - Logging services
19:47:11.266 [FXGL Background Thread 3 ] DEBUG Engine               - class com.almasb.fxgl.app.services.FXGLAssetLoaderService
19:47:11.266 [FXGL Background Thread 3 ] DEBUG Engine               - class com.almasb.fxgl.app.FXGLApplication$GameApplicationService
19:47:11.266 [FXGL Background Thread 3 ] DEBUG Engine               - class com.almasb.fxgl.app.services.FXGLDialogService
19:47:11.266 [FXGL Background Thread 3 ] DEBUG Engine               - class com.almasb.fxgl.app.services.IOTaskExecutorService
19:47:11.266 [FXGL Background Thread 3 ] DEBUG Engine               - class com.almasb.fxgl.io.FileSystemService
19:47:11.267 [FXGL Background Thread 3 ] DEBUG Engine               - class com.almasb.fxgl.localization.LocalizationService
19:47:11.267 [FXGL Background Thread 3 ] DEBUG Engine               - class com.almasb.fxgl.app.services.SystemBundleService
19:47:11.267 [FXGL Background Thread 3 ] DEBUG Engine               - class com.almasb.fxgl.profile.SaveLoadService
19:47:11.267 [FXGL Background Thread 3 ] DEBUG Engine               - class com.almasb.fxgl.ui.FXGLUIFactoryServiceProvider
19:47:11.267 [FXGL Background Thread 3 ] DEBUG Engine               - class com.almasb.fxgl.ui.FXGLDialogFactoryServiceProvider
19:47:11.267 [FXGL Background Thread 3 ] DEBUG Engine               - class com.almasb.fxgl.audio.AudioPlayer
19:47:11.267 [FXGL Background Thread 3 ] DEBUG Engine               - class com.almasb.fxgl.notification.impl.NotificationServiceProvider
19:47:11.267 [FXGL Background Thread 3 ] DEBUG Engine               - class com.almasb.fxgl.achievement.AchievementService
19:47:11.267 [FXGL Background Thread 3 ] DEBUG Engine               - class com.almasb.fxgl.cutscene.CutsceneService
19:47:11.267 [FXGL Background Thread 3 ] DEBUG Engine               - class com.almasb.fxgl.minigames.MiniGameService
19:47:11.267 [FXGL Background Thread 3 ] DEBUG Engine               - class com.almasb.fxgl.net.NetService
19:47:11.267 [FXGL Background Thread 3 ] DEBUG Engine               - class com.almasb.fxgl.app.services.UpdaterService
19:47:11.267 [FXGL Background Thread 3 ] DEBUG Engine               - class com.almasb.fxgl.dev.DevService
19:47:16.860 [JavaFX Application Thread] DEBUG PrimaryStageWindow   - Push state: FXGLDefaultMenu
19:47:16.864 [JavaFX Application Thread] DEBUG Input                - Clearing active input actions
19:47:16.869 [JavaFX Application Thread] DEBUG GameApplicationServi - Removing overlay from GameScene and adding to FXGLDefaultMenu
19:47:16.870 [JavaFX Application Thread] DEBUG PrimaryStageWindow   - GameScene -> FXGLDefaultMenu
19:47:24.852 [JavaFX Application Thread] DEBUG FXGL.DefaultMenu     - createContentGameplay()
19:47:26.102 [JavaFX Application Thread] DEBUG FXGL.DefaultMenu     - createContentControls()
19:47:27.644 [JavaFX Application Thread] DEBUG FXGL.DefaultMenu     - createContentVideo()
19:47:29.034 [JavaFX Application Thread] DEBUG FXGL.DefaultMenu     - createContentAudio()
19:47:32.882 [JavaFX Application Thread] DEBUG Menu                 - fireExit()
19:47:32.885 [JavaFX Application Thread] DEBUG PrimaryStageWindow   - Push state: DialogSubScene
19:47:32.885 [JavaFX Application Thread] DEBUG Input                - Clearing active input actions
19:47:32.885 [JavaFX Application Thread] DEBUG GameApplicationServi - Removing overlay from FXGLDefaultMenu and adding to DialogSubScene
19:47:32.886 [JavaFX Application Thread] DEBUG PrimaryStageWindow   - FXGLDefaultMenu -> DialogSubScene
19:47:38.783 [JavaFX Application Thread] DEBUG PrimaryStageWindow   - Pop state: DialogSubScene
19:47:38.783 [JavaFX Application Thread] DEBUG Input                - Clearing active input actions
19:47:38.784 [JavaFX Application Thread] DEBUG GameApplicationServi - Removing overlay from DialogSubScene and adding to FXGLDefaultMenu
19:47:38.785 [JavaFX Application Thread] DEBUG PrimaryStageWindow   - FXGLDefaultMenu <- DialogSubScene
19:47:38.785 [JavaFX Application Thread] DEBUG FXGLApplication      - Exiting FXGL
19:47:38.785 [JavaFX Application Thread] DEBUG LoopRunner           - Stopping loop
19:47:38.785 [JavaFX Application Thread] DEBUG SystemBundleService  - Saving FXGL system data
19:47:38.788 [JavaFX Application Thread] DEBUG FileSystemAccess     - Writing to: /home/katya/cpp_projects/23203_gmerina/Game2D/system/fxgl.bundle
19:47:38.797 [JavaFX Application Thread] DEBUG Async                - Shutting down background threads
19:47:38.798 [JavaFX Application Thread] DEBUG PrimaryStageWindow   - Closing main window
19:47:38.800 [JavaFX Application Thread] DEBUG Logger               - Closing Logger
